// Jest Snapshot v1, https://goo.gl/fbAQLP

exports[`Performance tests - LS-Element clear rows: 1618790535496 1`] = `
Map {
  "create1000Rows" => 519.92,
  "replaceAllRows" => 662.3,
  "partialUpdate" => 95.51,
  "selectRow" => 69.51,
  "swapRows" => 56.73,
  "removeRow" => 54.1,
  "createManyRows" => 2902.63,
  "appendRowsToLargeTable" => 1460.18,
  "clearRows" => 61.41,
}
`;

exports[`Performance tests - LS-Element clear rows: LS-Element 1.2.6 1`] = `
Map {
  "create1000Rows" => 628.04,
  "replaceAllRows" => 1338.53,
  "partialUpdate" => 89.95,
  "selectRow" => 61.77,
  "swapRows" => 64.19,
  "removeRow" => 56.07,
  "createManyRows" => 7013.5,
  "appendRowsToLargeTable" => 1579.74,
  "clearRows" => 67.7,
}
`;

exports[`Performance tests - LS-Element matches the snapshot on initial render 1`] = `
HTMLCollection [
  <div
    class="container"
    id="container"
  >
    <div
      class="jumbotron"
      id="jumbotron"
    >
      <div
        class="row"
        id="1"
      >
        <div
          class="col-md-6"
          id="2"
        >
          <h1
            id="3"
          >
            LS-Element keyed
          </h1>
        </div>
        <div
          class="col-md-6"
          id="4"
        >
          <div
            class="row"
            id="5"
          >
            <div
              class="col-sm-6 smallpad"
              id="6"
            >
              <button
                class="btn btn-primary btn-block"
                id="run"
                type="button"
              >
                Create 1,000 rows
              </button>
            </div>
            <div
              class="col-sm-6 smallpad"
              id="7"
            >
              <button
                class="btn btn-primary btn-block"
                id="runlots"
                type="button"
              >
                Create 10,000 rows
              </button>
            </div>
            <div
              class="col-sm-6 smallpad"
              id="8"
            >
              <button
                class="btn btn-primary btn-block"
                id="add"
                type="button"
              >
                Append 1,000 rows
              </button>
            </div>
            <div
              class="col-sm-6 smallpad"
              id="9"
            >
              <button
                class="btn btn-primary btn-block"
                id="update"
                type="button"
              >
                Update every 10th row
              </button>
            </div>
            <div
              class="col-sm-6 smallpad"
              id="10"
            >
              <button
                class="btn btn-primary btn-block"
                id="clear"
                type="button"
              >
                Clear
              </button>
            </div>
            <div
              class="col-sm-6 smallpad"
              id="11"
            >
              <button
                class="btn btn-primary btn-block"
                id="swaprows"
                type="button"
              >
                Swap Rows
              </button>
            </div>
          </div>
        </div>
      </div>
    </div>
    <table
      class="table table-hover table-striped test-data"
      id="table"
    >
      <tbody
        id="tbody"
      >
        <tr
          id="row-1"
        >
          <td
            class="col-md-1"
            id="row-1-1"
          >
            1
          </td>
          <td
            class="col-md-4"
            id="row-1-2"
          >
            <a
              id="row-1-3"
            >
              unsightly brown pizza
            </a>
          </td>
          <td
            class="col-md-1"
            id="row-1-4"
          >
            <a
              id="row-1-5"
            >
              <span
                aria-hidden="true"
                class="glyphicon glyphicon-remove"
                id="row-1-6"
              />
            </a>
          </td>
          <td
            class="col-md-6"
            id="row-1-7"
          />
        </tr>
        <tr
          id="row-2"
        >
          <td
            class="col-md-1"
            id="row-2-1"
          >
            2
          </td>
          <td
            class="col-md-4"
            id="row-2-2"
          >
            <a
              id="row-2-3"
            >
              important green keyboard
            </a>
          </td>
          <td
            class="col-md-1"
            id="row-2-4"
          >
            <a
              id="row-2-5"
            >
              <span
                aria-hidden="true"
                class="glyphicon glyphicon-remove"
                id="row-2-6"
              />
            </a>
          </td>
          <td
            class="col-md-6"
            id="row-2-7"
          />
        </tr>
        <tr
          id="row-3"
        >
          <td
            class="col-md-1"
            id="row-3-1"
          >
            3
          </td>
          <td
            class="col-md-4"
            id="row-3-2"
          >
            <a
              id="row-3-3"
            >
              adorable brown car
            </a>
          </td>
          <td
            class="col-md-1"
            id="row-3-4"
          >
            <a
              id="row-3-5"
            >
              <span
                aria-hidden="true"
                class="glyphicon glyphicon-remove"
                id="row-3-6"
              />
            </a>
          </td>
          <td
            class="col-md-6"
            id="row-3-7"
          />
        </tr>
      </tbody>
    </table>
    <span
      aria-hidden="true"
      class="preloadicon glyphicon glyphicon-remove"
      id="icon"
    />
  </div>,
]
`;
