// Jest Snapshot v1, https://goo.gl/fbAQLP

exports[`Performance tests - vanilla-js clear rows: vanilla JS 1`] = `
Map {
  "create1000Rows" => 316.33,
  "replaceAllRows" => 219.62,
  "partialUpdate" => 26.97,
  "selectRow" => 1.08,
  "swapRows" => 2.24,
  "removeRow" => 0.65,
  "createManyRows" => 1094.17,
  "appendRowsToLargeTable" => 114.95,
  "clearRows" => 23.44,
}
`;
