// Jest Snapshot v1, https://goo.gl/fbAQLP

exports[`Performance tests - vanilla-js clear rows: Vanilla JS 1`] = `
Map {
  "create1000Rows" => 237.1,
  "replaceAllRows" => 207.77,
  "partialUpdate" => 100.45,
  "selectRow" => 78.5,
  "swapRows" => 79.67,
  "removeRow" => 92.13,
  "createManyRows" => 1775.87,
  "appendRowsToLargeTable" => 510.55,
  "clearRows" => 83.01,
}
`;
